⚠ Warning: Next.js ignored package-lock.json in C:\Users\Anzyy\Desktop\Resort Booking Website and System because it is outside the current Git repository (C:\Users\Anzyy\Desktop\Resort Booking Website and System\resort-booking).
 To use this directory, set `turbopack.root` in your Next.js config.

⨯ upstream image response failed for https://lh3.googleusercontent.com/aida/AP1WRLtorUV1LfLVLRF2-S9Y_J0F8FTgxmAhQlGzbLN6RYTbZYeDIeIwJXTeTvjrV8h_R7RkFVArFzCb9t8JB0_IupmqRY5va7-6CQwhdbVJjYy4FS7GoxA5zvrPA-KdzSqXMsB5etxWA2ZwVvMYBsfuFfKSCNF3cZuqK8xQ5K5MY-pPKlq-R6wBHxUIDqDTrX8g5GQ4iSjetqq6-XSSxjQpAmGC-1BO8F6OwifL8sRaMzChcyJ3gi8gtubS-Ac 403
⨯ upstream image response failed for https://lh3.googleusercontent.com/aida/AP1WRLsiUSBy7aJmT4nQkj9rFG3tBKEvyrEF9Jt8RxrJ0UQaG9s5eU7JRaTy1SSVkQOExkcZmpFjq25TcfX0Xq7DBONjpZdjX8les71Pkq3KrR7nNmPyB7cxZ3y67xSPZI13-GHT5-N6yrfURrw7tPCeR_MaCrdmritfVRzDNSsIeGhj91q-ljII-11-8sqW2VHd17vCmSUtMMr_s9p28A215gQkOZkVEvcLykXLmtOPLvcUWdHO350_9M0B-w 403
⨯ upstream image response failed for https://lh3.googleusercontent.com/aida/AP1WRLtci-Vl35CC-oHsiQgwpHpwEQL2fyaASoDmecGeYMAS4PNKJc9w6ulvP-qAvK5-z5GUOCHnOqmpec5ycaNJqYP5h4BaUKGZALLNGqn2buow8FMoKiM3eE3t4ajsxQdKx8Ri5dRz5MSrxUv7NZwHBtSBRtjPR-ianVYW7yoRjnW5ruEGvtTFwC3zz1zodrvrLsxdSQXBXD8uvcnCulpbmo1pDUNky39Zjkg2Lo-P2f9a1g6Wl5IOzcd7joE 403
⨯ upstream image response failed for https://lh3.googleusercontent.com/aida/AP1WRLsiUSBy7aJmT4nQkj9rFG3tBKEvyrEF9Jt8RxrJ0UQaG9s5eU7JRaTy1SSVkQOExkcZmpFjq25TcfX0Xq7DBONjpZdjX8les71Pkq3KrR7nNmPyB7cxZ3y67xSPZI13-GHT5-N6yrfURrw7tPCeR_MaCrdmritfVRzDNSsIeGhj91q-ljII-11-8sqW2VHd17vCmSUtMMr_s9p28A215gQkOZkVEvcLykXLmtOPLvcUWdHO350_9M0B-w 403
⨯ upstream image response failed for https://lh3.googleusercontent.com/aida/AP1WRLtOAGoo01cTw6zXVjYrCKVVU7c6JIEOSnLnBlcPoR7_QA-rwVoI4lWEy-Us2xyVJBUsRqjCDpq5QEbNY6PrwT2hn6ZPAMIDpOK5vv4aDkkJZBByYjFzqcBGLS-MooGt-SsVD15_oPvwUSNTLxM0zgbV_ILTHHLv6FBWeNlofT89QjpC61XS55NX4kdFFLsF8GxpWXq_PgX1cudpAfU2l450v9vmuV6ZAfKc9hNM6qRtzYw4pdK3p29eI-Y 403
⨯ upstream image response failed for https://lh3.googleusercontent.com/aida/AP1WRLtOAGoo01cTw6zXVjYrCKVVU7c6JIEOSnLnBlcPoR7_QA-rwVoI4lWEy-Us2xyVJBUsRqjCDpq5QEbNY6PrwT2hn6ZPAMIDpOK5vv4aDkkJZBByYjFzqcBGLS-MooGt-SsVD15_oPvwUSNTLxM0zgbV_ILTHHLv6FBWeNlofT89QjpC61XS55NX4kdFFLsF8GxpWXq_PgX1cudpAfU2l450v9vmuV6ZAfKc9hNM6qRtzYw4pdK3p29eI-Y 403
⨯ upstream image response failed for https://lh3.googleusercontent.com/aida/AP1WRLtTMyfz_PzPJ602-mJ_PlA72sKCI1-fKU7GA1jIt7XXBMXh6OSPGxQ-1VWGmizIAX4jwS9ItGlVAgR-tP-zAzSnXMWaIjRTpoyNkOUrN_SPEzju6w1W-S_CSq30z_lFWD843UrQgCrNdmOEM_zK6cTvj7hTYu3bwkihrSt-qDTftDftI8nPaeU_T5dNmdwHJNfADIvjNF_hT7O6J9-8LbIKzPDgsV-AKR9YibkFJHKVLT5njOKMn6GDZg 403
⨯ upstream image response failed for https://lh3.googleusercontent.com/aida/AP1WRLtTMyfz_PzPJ602-mJ_PlA72sKCI1-fKU7GA1jIt7XXBMXh6OSPGxQ-1VWGmizIAX4jwS9ItGlVAgR-tP-zAzSnXMWaIjRTpoyNkOUrN_SPEzju6w1W-S_CSq30z_lFWD843UrQgCrNdmOEM_zK6cTvj7hTYu3bwkihrSt-qDTftDftI8nPaeU_T5dNmdwHJNfADIvjNF_hT7O6J9-8LbIKzPDgsV-AKR9YibkFJHKVLT5njOKMn6GDZg 403
⨯ upstream image response failed for https://lh3.googleusercontent.com/aida/AP1WRLtTMyfz_PzPJ602-mJ_PlA72sKCI1-fKU7GA1jIt7XXBMXh6OSPGxQ-1VWGmizIAX4jwS9ItGlVAgR-tP-zAzSnXMWaIjRTpoyNkOUrN_SPEzju6w1W-S_CSq30z_lFWD843UrQgCrNdmOEM_zK6cTvj7hTYu3bwkihrSt-qDTftDftI8nPaeU_T5dNmdwHJNfADIvjNF_hT7O6J9-8LbIKzPDgsV-AKR9YibkFJHKVLT5njOKMn6GDZg 403
⨯ Error: The destination stream closed early.
    at ignore-listed frames {
  digest: '3097456466'
}
⨯ Error: The destination stream closed early.
    at ignore-listed frames {
  digest: '3097456466'
}
⨯ upstream image response failed for https://lh3.googleusercontent.com/aida/AP1WRLtTMyfz_PzPJ602-mJ_PlA72sKCI1-fKU7GA1jIt7XXBMXh6OSPGxQ-1VWGmizIAX4jwS9ItGlVAgR-tP-zAzSnXMWaIjRTpoyNkOUrN_SPEzju6w1W-S_CSq30z_lFWD843UrQgCrNdmOEM_zK6cTvj7hTYu3bwkihrSt-qDTftDftI8nPaeU_T5dNmdwHJNfADIvjNF_hT7O6J9-8LbIKzPDgsV-AKR9YibkFJHKVLT5njOKMn6GDZg 403
⨯ Error: The destination stream closed early.
    at ignore-listed frames {
  digest: '3097456466'
}
⨯ Error: The destination stream closed early.
    at ignore-listed frames {
  digest: '3097456466'
}
⨯ upstream image response failed for https://lh3.googleusercontent.com/aida/AP1WRLtTMyfz_PzPJ602-mJ_PlA72sKCI1-fKU7GA1jIt7XXBMXh6OSPGxQ-1VWGmizIAX4jwS9ItGlVAgR-tP-zAzSnXMWaIjRTpoyNkOUrN_SPEzju6w1W-S_CSq30z_lFWD843UrQgCrNdmOEM_zK6cTvj7hTYu3bwkihrSt-qDTftDftI8nPaeU_T5dNmdwHJNfADIvjNF_hT7O6J9-8LbIKzPDgsV-AKR9YibkFJHKVLT5njOKMn6GDZg 403
⨯ upstream image response failed for https://lh3.googleusercontent.com/aida/AP1WRLtci-Vl35CC-oHsiQgwpHpwEQL2fyaASoDmecGeYMAS4PNKJc9w6ulvP-qAvK5-z5GUOCHnOqmpec5ycaNJqYP5h4BaUKGZALLNGqn2buow8FMoKiM3eE3t4ajsxQdKx8Ri5dRz5MSrxUv7NZwHBtSBRtjPR-ianVYW7yoRjnW5ruEGvtTFwC3zz1zodrvrLsxdSQXBXD8uvcnCulpbmo1pDUNky39Zjkg2Lo-P2f9a1g6Wl5IOzcd7joE 403
⨯ upstream image response failed for https://lh3.googleusercontent.com/aida/AP1WRLtOAGoo01cTw6zXVjYrCKVVU7c6JIEOSnLnBlcPoR7_QA-rwVoI4lWEy-Us2xyVJBUsRqjCDpq5QEbNY6PrwT2hn6ZPAMIDpOK5vv4aDkkJZBByYjFzqcBGLS-MooGt-SsVD15_oPvwUSNTLxM0zgbV_ILTHHLv6FBWeNlofT89QjpC61XS55NX4kdFFLsF8GxpWXq_PgX1cudpAfU2l450v9vmuV6ZAfKc9hNM6qRtzYw4pdK3p29eI-Y 403
⨯ upstream image response failed for https://lh3.googleusercontent.com/aida/AP1WRLsiUSBy7aJmT4nQkj9rFG3tBKEvyrEF9Jt8RxrJ0UQaG9s5eU7JRaTy1SSVkQOExkcZmpFjq25TcfX0Xq7DBONjpZdjX8les71Pkq3KrR7nNmPyB7cxZ3y67xSPZI13-GHT5-N6yrfURrw7tPCeR_MaCrdmritfVRzDNSsIeGhj91q-ljII-11-8sqW2VHd17vCmSUtMMr_s9p28A215gQkOZkVEvcLykXLmtOPLvcUWdHO350_9M0B-w 403
⨯ upstream image response failed for https://lh3.googleusercontent.com/aida/AP1WRLtorUV1LfLVLRF2-S9Y_J0F8FTgxmAhQlGzbLN6RYTbZYeDIeIwJXTeTvjrV8h_R7RkFVArFzCb9t8JB0_IupmqRY5va7-6CQwhdbVJjYy4FS7GoxA5zvrPA-KdzSqXMsB5etxWA2ZwVvMYBsfuFfKSCNF3cZuqK8xQ5K5MY-pPKlq-R6wBHxUIDqDTrX8g5GQ4iSjetqq6-XSSxjQpAmGC-1BO8F6OwifL8sRaMzChcyJ3gi8gtubS-Ac 403
⨯ upstream image response failed for https://lh3.googleusercontent.com/aida/AP1WRLsiUSBy7aJmT4nQkj9rFG3tBKEvyrEF9Jt8RxrJ0UQaG9s5eU7JRaTy1SSVkQOExkcZmpFjq25TcfX0Xq7DBONjpZdjX8les71Pkq3KrR7nNmPyB7cxZ3y67xSPZI13-GHT5-N6yrfURrw7tPCeR_MaCrdmritfVRzDNSsIeGhj91q-ljII-11-8sqW2VHd17vCmSUtMMr_s9p28A215gQkOZkVEvcLykXLmtOPLvcUWdHO350_9M0B-w 403
⨯ upstream image response failed for https://lh3.googleusercontent.com/aida/AP1WRLtOAGoo01cTw6zXVjYrCKVVU7c6JIEOSnLnBlcPoR7_QA-rwVoI4lWEy-Us2xyVJBUsRqjCDpq5QEbNY6PrwT2hn6ZPAMIDpOK5vv4aDkkJZBByYjFzqcBGLS-MooGt-SsVD15_oPvwUSNTLxM0zgbV_ILTHHLv6FBWeNlofT89QjpC61XS55NX4kdFFLsF8GxpWXq_PgX1cudpAfU2l450v9vmuV6ZAfKc9hNM6qRtzYw4pdK3p29eI-Y 403
⨯ upstream image response failed for https://lh3.googleusercontent.com/aida/AP1WRLtTMyfz_PzPJ602-mJ_PlA72sKCI1-fKU7GA1jIt7XXBMXh6OSPGxQ-1VWGmizIAX4jwS9ItGlVAgR-tP-zAzSnXMWaIjRTpoyNkOUrN_SPEzju6w1W-S_CSq30z_lFWD843UrQgCrNdmOEM_zK6cTvj7hTYu3bwkihrSt-qDTftDftI8nPaeU_T5dNmdwHJNfADIvjNF_hT7O6J9-8LbIKzPDgsV-AKR9YibkFJHKVLT5njOKMn6GDZg 403
⨯ upstream image response failed for https://lh3.googleusercontent.com/aida/AP1WRLtTMyfz_PzPJ602-mJ_PlA72sKCI1-fKU7GA1jIt7XXBMXh6OSPGxQ-1VWGmizIAX4jwS9ItGlVAgR-tP-zAzSnXMWaIjRTpoyNkOUrN_SPEzju6w1W-S_CSq30z_lFWD843UrQgCrNdmOEM_zK6cTvj7hTYu3bwkihrSt-qDTftDftI8nPaeU_T5dNmdwHJNfADIvjNF_hT7O6J9-8LbIKzPDgsV-AKR9YibkFJHKVLT5njOKMn6GDZg 403
⨯ upstream image response failed for https://lh3.googleusercontent.com/aida/AP1WRLtci-Vl35CC-oHsiQgwpHpwEQL2fyaASoDmecGeYMAS4PNKJc9w6ulvP-qAvK5-z5GUOCHnOqmpec5ycaNJqYP5h4BaUKGZALLNGqn2buow8FMoKiM3eE3t4ajsxQdKx8Ri5dRz5MSrxUv7NZwHBtSBRtjPR-ianVYW7yoRjnW5ruEGvtTFwC3zz1zodrvrLsxdSQXBXD8uvcnCulpbmo1pDUNky39Zjkg2Lo-P2f9a1g6Wl5IOzcd7joE 403
⨯ upstream image response failed for https://lh3.googleusercontent.com/aida/AP1WRLtOAGoo01cTw6zXVjYrCKVVU7c6JIEOSnLnBlcPoR7_QA-rwVoI4lWEy-Us2xyVJBUsRqjCDpq5QEbNY6PrwT2hn6ZPAMIDpOK5vv4aDkkJZBByYjFzqcBGLS-MooGt-SsVD15_oPvwUSNTLxM0zgbV_ILTHHLv6FBWeNlofT89QjpC61XS55NX4kdFFLsF8GxpWXq_PgX1cudpAfU2l450v9vmuV6ZAfKc9hNM6qRtzYw4pdK3p29eI-Y 403
⨯ upstream image response failed for https://lh3.googleusercontent.com/aida/AP1WRLtorUV1LfLVLRF2-S9Y_J0F8FTgxmAhQlGzbLN6RYTbZYeDIeIwJXTeTvjrV8h_R7RkFVArFzCb9t8JB0_IupmqRY5va7-6CQwhdbVJjYy4FS7GoxA5zvrPA-KdzSqXMsB5etxWA2ZwVvMYBsfuFfKSCNF3cZuqK8xQ5K5MY-pPKlq-R6wBHxUIDqDTrX8g5GQ4iSjetqq6-XSSxjQpAmGC-1BO8F6OwifL8sRaMzChcyJ3gi8gtubS-Ac 403
⨯ upstream image response failed for https://lh3.googleusercontent.com/aida/AP1WRLsiUSBy7aJmT4nQkj9rFG3tBKEvyrEF9Jt8RxrJ0UQaG9s5eU7JRaTy1SSVkQOExkcZmpFjq25TcfX0Xq7DBONjpZdjX8les71Pkq3KrR7nNmPyB7cxZ3y67xSPZI13-GHT5-N6yrfURrw7tPCeR_MaCrdmritfVRzDNSsIeGhj91q-ljII-11-8sqW2VHd17vCmSUtMMr_s9p28A215gQkOZkVEvcLykXLmtOPLvcUWdHO350_9M0B-w 403
⨯ upstream image response failed for https://lh3.googleusercontent.com/aida/AP1WRLtOAGoo01cTw6zXVjYrCKVVU7c6JIEOSnLnBlcPoR7_QA-rwVoI4lWEy-Us2xyVJBUsRqjCDpq5QEbNY6PrwT2hn6ZPAMIDpOK5vv4aDkkJZBByYjFzqcBGLS-MooGt-SsVD15_oPvwUSNTLxM0zgbV_ILTHHLv6FBWeNlofT89QjpC61XS55NX4kdFFLsF8GxpWXq_PgX1cudpAfU2l450v9vmuV6ZAfKc9hNM6qRtzYw4pdK3p29eI-Y 403
⨯ upstream image response failed for https://lh3.googleusercontent.com/aida/AP1WRLsiUSBy7aJmT4nQkj9rFG3tBKEvyrEF9Jt8RxrJ0UQaG9s5eU7JRaTy1SSVkQOExkcZmpFjq25TcfX0Xq7DBONjpZdjX8les71Pkq3KrR7nNmPyB7cxZ3y67xSPZI13-GHT5-N6yrfURrw7tPCeR_MaCrdmritfVRzDNSsIeGhj91q-ljII-11-8sqW2VHd17vCmSUtMMr_s9p28A215gQkOZkVEvcLykXLmtOPLvcUWdHO350_9M0B-w 403
⨯ Error: The destination stream closed early.
    at ignore-listed frames {
  digest: '3097456466'
}
⨯ Error: The destination stream closed early.
    at ignore-listed frames {
  digest: '3097456466'
}
⨯ upstream image response failed for https://lh3.googleusercontent.com/aida/AP1WRLsiUSBy7aJmT4nQkj9rFG3tBKEvyrEF9Jt8RxrJ0UQaG9s5eU7JRaTy1SSVkQOExkcZmpFjq25TcfX0Xq7DBONjpZdjX8les71Pkq3KrR7nNmPyB7cxZ3y67xSPZI13-GHT5-N6yrfURrw7tPCeR_MaCrdmritfVRzDNSsIeGhj91q-ljII-11-8sqW2VHd17vCmSUtMMr_s9p28A215gQkOZkVEvcLykXLmtOPLvcUWdHO350_9M0B-w 403
⨯ upstream image response failed for https://lh3.googleusercontent.com/aida/AP1WRLtOAGoo01cTw6zXVjYrCKVVU7c6JIEOSnLnBlcPoR7_QA-rwVoI4lWEy-Us2xyVJBUsRqjCDpq5QEbNY6PrwT2hn6ZPAMIDpOK5vv4aDkkJZBByYjFzqcBGLS-MooGt-SsVD15_oPvwUSNTLxM0zgbV_ILTHHLv6FBWeNlofT89QjpC61XS55NX4kdFFLsF8GxpWXq_PgX1cudpAfU2l450v9vmuV6ZAfKc9hNM6qRtzYw4pdK3p29eI-Y 403
⨯ upstream image response failed for https://lh3.googleusercontent.com/aida/AP1WRLtTMyfz_PzPJ602-mJ_PlA72sKCI1-fKU7GA1jIt7XXBMXh6OSPGxQ-1VWGmizIAX4jwS9ItGlVAgR-tP-zAzSnXMWaIjRTpoyNkOUrN_SPEzju6w1W-S_CSq30z_lFWD843UrQgCrNdmOEM_zK6cTvj7hTYu3bwkihrSt-qDTftDftI8nPaeU_T5dNmdwHJNfADIvjNF_hT7O6J9-8LbIKzPDgsV-AKR9YibkFJHKVLT5njOKMn6GDZg 403
⨯ upstream image response failed for https://lh3.googleusercontent.com/aida/AP1WRLtTMyfz_PzPJ602-mJ_PlA72sKCI1-fKU7GA1jIt7XXBMXh6OSPGxQ-1VWGmizIAX4jwS9ItGlVAgR-tP-zAzSnXMWaIjRTpoyNkOUrN_SPEzju6w1W-S_CSq30z_lFWD843UrQgCrNdmOEM_zK6cTvj7hTYu3bwkihrSt-qDTftDftI8nPaeU_T5dNmdwHJNfADIvjNF_hT7O6J9-8LbIKzPDgsV-AKR9YibkFJHKVLT5njOKMn6GDZg 403
failed to forward action response TypeError: fetch failed
    at ignore-listed frames {
  [cause]: Error [HeadersTimeoutError]: Headers Timeout Error
      at ignore-listed frames {
    code: 'UND_ERR_HEADERS_TIMEOUT'
  }
}
failed to forward action response TypeError: fetch failed
    at ignore-listed frames {
  [cause]: Error [HeadersTimeoutError]: Headers Timeout Error
      at ignore-listed frames {
    code: 'UND_ERR_HEADERS_TIMEOUT'
  }
}
failed to forward action response TypeError: fetch failed
    at ignore-listed frames {
  [cause]: Error [HeadersTimeoutError]: Headers Timeout Error
      at ignore-listed frames {
    code: 'UND_ERR_HEADERS_TIMEOUT'
  }
}
⨯ Error: The destination stream closed early.
    at ignore-listed frames {
  digest: '3097456466'
}
⨯ upstream image response failed for https://lh3.googleusercontent.com/aida/AP1WRLtTMyfz_PzPJ602-mJ_PlA72sKCI1-fKU7GA1jIt7XXBMXh6OSPGxQ-1VWGmizIAX4jwS9ItGlVAgR-tP-zAzSnXMWaIjRTpoyNkOUrN_SPEzju6w1W-S_CSq30z_lFWD843UrQgCrNdmOEM_zK6cTvj7hTYu3bwkihrSt-qDTftDftI8nPaeU_T5dNmdwHJNfADIvjNF_hT7O6J9-8LbIKzPDgsV-AKR9YibkFJHKVLT5njOKMn6GDZg 403
⨯ upstream image response failed for https://lh3.googleusercontent.com/aida/AP1WRLtTMyfz_PzPJ602-mJ_PlA72sKCI1-fKU7GA1jIt7XXBMXh6OSPGxQ-1VWGmizIAX4jwS9ItGlVAgR-tP-zAzSnXMWaIjRTpoyNkOUrN_SPEzju6w1W-S_CSq30z_lFWD843UrQgCrNdmOEM_zK6cTvj7hTYu3bwkihrSt-qDTftDftI8nPaeU_T5dNmdwHJNfADIvjNF_hT7O6J9-8LbIKzPDgsV-AKR9YibkFJHKVLT5njOKMn6GDZg 403
⨯ upstream image response failed for https://lh3.googleusercontent.com/aida/AP1WRLtTMyfz_PzPJ602-mJ_PlA72sKCI1-fKU7GA1jIt7XXBMXh6OSPGxQ-1VWGmizIAX4jwS9ItGlVAgR-tP-zAzSnXMWaIjRTpoyNkOUrN_SPEzju6w1W-S_CSq30z_lFWD843UrQgCrNdmOEM_zK6cTvj7hTYu3bwkihrSt-qDTftDftI8nPaeU_T5dNmdwHJNfADIvjNF_hT7O6J9-8LbIKzPDgsV-AKR9YibkFJHKVLT5njOKMn6GDZg 403
⨯ upstream image response failed for https://lh3.googleusercontent.com/aida/AP1WRLtOAGoo01cTw6zXVjYrCKVVU7c6JIEOSnLnBlcPoR7_QA-rwVoI4lWEy-Us2xyVJBUsRqjCDpq5QEbNY6PrwT2hn6ZPAMIDpOK5vv4aDkkJZBByYjFzqcBGLS-MooGt-SsVD15_oPvwUSNTLxM0zgbV_ILTHHLv6FBWeNlofT89QjpC61XS55NX4kdFFLsF8GxpWXq_PgX1cudpAfU2l450v9vmuV6ZAfKc9hNM6qRtzYw4pdK3p29eI-Y 403
⨯ upstream image response failed for https://lh3.googleusercontent.com/aida/AP1WRLtci-Vl35CC-oHsiQgwpHpwEQL2fyaASoDmecGeYMAS4PNKJc9w6ulvP-qAvK5-z5GUOCHnOqmpec5ycaNJqYP5h4BaUKGZALLNGqn2buow8FMoKiM3eE3t4ajsxQdKx8Ri5dRz5MSrxUv7NZwHBtSBRtjPR-ianVYW7yoRjnW5ruEGvtTFwC3zz1zodrvrLsxdSQXBXD8uvcnCulpbmo1pDUNky39Zjkg2Lo-P2f9a1g6Wl5IOzcd7joE 403
⨯ upstream image response failed for https://lh3.googleusercontent.com/aida/AP1WRLtorUV1LfLVLRF2-S9Y_J0F8FTgxmAhQlGzbLN6RYTbZYeDIeIwJXTeTvjrV8h_R7RkFVArFzCb9t8JB0_IupmqRY5va7-6CQwhdbVJjYy4FS7GoxA5zvrPA-KdzSqXMsB5etxWA2ZwVvMYBsfuFfKSCNF3cZuqK8xQ5K5MY-pPKlq-R6wBHxUIDqDTrX8g5GQ4iSjetqq6-XSSxjQpAmGC-1BO8F6OwifL8sRaMzChcyJ3gi8gtubS-Ac 403
⨯ upstream image response failed for https://lh3.googleusercontent.com/aida/AP1WRLsiUSBy7aJmT4nQkj9rFG3tBKEvyrEF9Jt8RxrJ0UQaG9s5eU7JRaTy1SSVkQOExkcZmpFjq25TcfX0Xq7DBONjpZdjX8les71Pkq3KrR7nNmPyB7cxZ3y67xSPZI13-GHT5-N6yrfURrw7tPCeR_MaCrdmritfVRzDNSsIeGhj91q-ljII-11-8sqW2VHd17vCmSUtMMr_s9p28A215gQkOZkVEvcLykXLmtOPLvcUWdHO350_9M0B-w 403
⨯ upstream image response failed for https://lh3.googleusercontent.com/aida/AP1WRLtOAGoo01cTw6zXVjYrCKVVU7c6JIEOSnLnBlcPoR7_QA-rwVoI4lWEy-Us2xyVJBUsRqjCDpq5QEbNY6PrwT2hn6ZPAMIDpOK5vv4aDkkJZBByYjFzqcBGLS-MooGt-SsVD15_oPvwUSNTLxM0zgbV_ILTHHLv6FBWeNlofT89QjpC61XS55NX4kdFFLsF8GxpWXq_PgX1cudpAfU2l450v9vmuV6ZAfKc9hNM6qRtzYw4pdK3p29eI-Y 403
⨯ upstream image response failed for https://lh3.googleusercontent.com/aida/AP1WRLsiUSBy7aJmT4nQkj9rFG3tBKEvyrEF9Jt8RxrJ0UQaG9s5eU7JRaTy1SSVkQOExkcZmpFjq25TcfX0Xq7DBONjpZdjX8les71Pkq3KrR7nNmPyB7cxZ3y67xSPZI13-GHT5-N6yrfURrw7tPCeR_MaCrdmritfVRzDNSsIeGhj91q-ljII-11-8sqW2VHd17vCmSUtMMr_s9p28A215gQkOZkVEvcLykXLmtOPLvcUWdHO350_9M0B-w 403
⨯ upstream image response failed for https://lh3.googleusercontent.com/aida/AP1WRLtci-Vl35CC-oHsiQgwpHpwEQL2fyaASoDmecGeYMAS4PNKJc9w6ulvP-qAvK5-z5GUOCHnOqmpec5ycaNJqYP5h4BaUKGZALLNGqn2buow8FMoKiM3eE3t4ajsxQdKx8Ri5dRz5MSrxUv7NZwHBtSBRtjPR-ianVYW7yoRjnW5ruEGvtTFwC3zz1zodrvrLsxdSQXBXD8uvcnCulpbmo1pDUNky39Zjkg2Lo-P2f9a1g6Wl5IOzcd7joE 403
⨯ upstream image response failed for https://lh3.googleusercontent.com/aida/AP1WRLtorUV1LfLVLRF2-S9Y_J0F8FTgxmAhQlGzbLN6RYTbZYeDIeIwJXTeTvjrV8h_R7RkFVArFzCb9t8JB0_IupmqRY5va7-6CQwhdbVJjYy4FS7GoxA5zvrPA-KdzSqXMsB5etxWA2ZwVvMYBsfuFfKSCNF3cZuqK8xQ5K5MY-pPKlq-R6wBHxUIDqDTrX8g5GQ4iSjetqq6-XSSxjQpAmGC-1BO8F6OwifL8sRaMzChcyJ3gi8gtubS-Ac 403
⨯ upstream image response failed for https://lh3.googleusercontent.com/aida/AP1WRLsiUSBy7aJmT4nQkj9rFG3tBKEvyrEF9Jt8RxrJ0UQaG9s5eU7JRaTy1SSVkQOExkcZmpFjq25TcfX0Xq7DBONjpZdjX8les71Pkq3KrR7nNmPyB7cxZ3y67xSPZI13-GHT5-N6yrfURrw7tPCeR_MaCrdmritfVRzDNSsIeGhj91q-ljII-11-8sqW2VHd17vCmSUtMMr_s9p28A215gQkOZkVEvcLykXLmtOPLvcUWdHO350_9M0B-w 403
⨯ upstream image response failed for https://lh3.googleusercontent.com/aida/AP1WRLtOAGoo01cTw6zXVjYrCKVVU7c6JIEOSnLnBlcPoR7_QA-rwVoI4lWEy-Us2xyVJBUsRqjCDpq5QEbNY6PrwT2hn6ZPAMIDpOK5vv4aDkkJZBByYjFzqcBGLS-MooGt-SsVD15_oPvwUSNTLxM0zgbV_ILTHHLv6FBWeNlofT89QjpC61XS55NX4kdFFLsF8GxpWXq_PgX1cudpAfU2l450v9vmuV6ZAfKc9hNM6qRtzYw4pdK3p29eI-Y 403
⨯ upstream image response failed for https://lh3.googleusercontent.com/aida/AP1WRLsiUSBy7aJmT4nQkj9rFG3tBKEvyrEF9Jt8RxrJ0UQaG9s5eU7JRaTy1SSVkQOExkcZmpFjq25TcfX0Xq7DBONjpZdjX8les71Pkq3KrR7nNmPyB7cxZ3y67xSPZI13-GHT5-N6yrfURrw7tPCeR_MaCrdmritfVRzDNSsIeGhj91q-ljII-11-8sqW2VHd17vCmSUtMMr_s9p28A215gQkOZkVEvcLykXLmtOPLvcUWdHO350_9M0B-w 403
⨯ upstream image response failed for https://lh3.googleusercontent.com/aida/AP1WRLtOAGoo01cTw6zXVjYrCKVVU7c6JIEOSnLnBlcPoR7_QA-rwVoI4lWEy-Us2xyVJBUsRqjCDpq5QEbNY6PrwT2hn6ZPAMIDpOK5vv4aDkkJZBByYjFzqcBGLS-MooGt-SsVD15_oPvwUSNTLxM0zgbV_ILTHHLv6FBWeNlofT89QjpC61XS55NX4kdFFLsF8GxpWXq_PgX1cudpAfU2l450v9vmuV6ZAfKc9hNM6qRtzYw4pdK3p29eI-Y 403
⨯ upstream image response failed for https://lh3.googleusercontent.com/aida/AP1WRLtTMyfz_PzPJ602-mJ_PlA72sKCI1-fKU7GA1jIt7XXBMXh6OSPGxQ-1VWGmizIAX4jwS9ItGlVAgR-tP-zAzSnXMWaIjRTpoyNkOUrN_SPEzju6w1W-S_CSq30z_lFWD843UrQgCrNdmOEM_zK6cTvj7hTYu3bwkihrSt-qDTftDftI8nPaeU_T5dNmdwHJNfADIvjNF_hT7O6J9-8LbIKzPDgsV-AKR9YibkFJHKVLT5njOKMn6GDZg 403
⨯ upstream image response failed for https://lh3.googleusercontent.com/aida/AP1WRLtt_4feD4BNd3eDqf-6c3X2lBq6IK7V_SRn330ybKUAyiN4FEboipPC9sy8yh4NEnx7V6gDFiw3hUPQp_LAW-xi9dkVKhhfLF7vKsOYpfFOER_pXJ4AlLxAW-16aO_E_QBWkAAZFZo_QKjbEJhuInqGkPIHiFJERg7JPA51D-xSdNfz0ZjpB9X7hlcIu57nwxTEpj_3UWDZ2FOPINnjDoxoTTG1Xz_8BQGyXFfWFDEOATcJ1IdA1YchOpA 403
⨯ upstream image response failed for https://lh3.googleusercontent.com/aida/AP1WRLtTMyfz_PzPJ602-mJ_PlA72sKCI1-fKU7GA1jIt7XXBMXh6OSPGxQ-1VWGmizIAX4jwS9ItGlVAgR-tP-zAzSnXMWaIjRTpoyNkOUrN_SPEzju6w1W-S_CSq30z_lFWD843UrQgCrNdmOEM_zK6cTvj7hTYu3bwkihrSt-qDTftDftI8nPaeU_T5dNmdwHJNfADIvjNF_hT7O6J9-8LbIKzPDgsV-AKR9YibkFJHKVLT5njOKMn6GDZg 403
⨯ upstream image response failed for https://lh3.googleusercontent.com/aida/AP1WRLtTMyfz_PzPJ602-mJ_PlA72sKCI1-fKU7GA1jIt7XXBMXh6OSPGxQ-1VWGmizIAX4jwS9ItGlVAgR-tP-zAzSnXMWaIjRTpoyNkOUrN_SPEzju6w1W-S_CSq30z_lFWD843UrQgCrNdmOEM_zK6cTvj7hTYu3bwkihrSt-qDTftDftI8nPaeU_T5dNmdwHJNfADIvjNF_hT7O6J9-8LbIKzPDgsV-AKR9YibkFJHKVLT5njOKMn6GDZg 403
⨯ upstream image response failed for https://lh3.googleusercontent.com/aida/AP1WRLtci-Vl35CC-oHsiQgwpHpwEQL2fyaASoDmecGeYMAS4PNKJc9w6ulvP-qAvK5-z5GUOCHnOqmpec5ycaNJqYP5h4BaUKGZALLNGqn2buow8FMoKiM3eE3t4ajsxQdKx8Ri5dRz5MSrxUv7NZwHBtSBRtjPR-ianVYW7yoRjnW5ruEGvtTFwC3zz1zodrvrLsxdSQXBXD8uvcnCulpbmo1pDUNky39Zjkg2Lo-P2f9a1g6Wl5IOzcd7joE 403
⨯ upstream image response failed for https://lh3.googleusercontent.com/aida/AP1WRLtOAGoo01cTw6zXVjYrCKVVU7c6JIEOSnLnBlcPoR7_QA-rwVoI4lWEy-Us2xyVJBUsRqjCDpq5QEbNY6PrwT2hn6ZPAMIDpOK5vv4aDkkJZBByYjFzqcBGLS-MooGt-SsVD15_oPvwUSNTLxM0zgbV_ILTHHLv6FBWeNlofT89QjpC61XS55NX4kdFFLsF8GxpWXq_PgX1cudpAfU2l450v9vmuV6ZAfKc9hNM6qRtzYw4pdK3p29eI-Y 403
⨯ upstream image response failed for https://lh3.googleusercontent.com/aida/AP1WRLtorUV1LfLVLRF2-S9Y_J0F8FTgxmAhQlGzbLN6RYTbZYeDIeIwJXTeTvjrV8h_R7RkFVArFzCb9t8JB0_IupmqRY5va7-6CQwhdbVJjYy4FS7GoxA5zvrPA-KdzSqXMsB5etxWA2ZwVvMYBsfuFfKSCNF3cZuqK8xQ5K5MY-pPKlq-R6wBHxUIDqDTrX8g5GQ4iSjetqq6-XSSxjQpAmGC-1BO8F6OwifL8sRaMzChcyJ3gi8gtubS-Ac 403
⨯ upstream image response failed for https://lh3.googleusercontent.com/aida/AP1WRLsiUSBy7aJmT4nQkj9rFG3tBKEvyrEF9Jt8RxrJ0UQaG9s5eU7JRaTy1SSVkQOExkcZmpFjq25TcfX0Xq7DBONjpZdjX8les71Pkq3KrR7nNmPyB7cxZ3y67xSPZI13-GHT5-N6yrfURrw7tPCeR_MaCrdmritfVRzDNSsIeGhj91q-ljII-11-8sqW2VHd17vCmSUtMMr_s9p28A215gQkOZkVEvcLykXLmtOPLvcUWdHO350_9M0B-w 403
⨯ upstream image response failed for https://lh3.googleusercontent.com/aida/AP1WRLsiUSBy7aJmT4nQkj9rFG3tBKEvyrEF9Jt8RxrJ0UQaG9s5eU7JRaTy1SSVkQOExkcZmpFjq25TcfX0Xq7DBONjpZdjX8les71Pkq3KrR7nNmPyB7cxZ3y67xSPZI13-GHT5-N6yrfURrw7tPCeR_MaCrdmritfVRzDNSsIeGhj91q-ljII-11-8sqW2VHd17vCmSUtMMr_s9p28A215gQkOZkVEvcLykXLmtOPLvcUWdHO350_9M0B-w 403
⨯ upstream image response failed for https://lh3.googleusercontent.com/aida/AP1WRLtOAGoo01cTw6zXVjYrCKVVU7c6JIEOSnLnBlcPoR7_QA-rwVoI4lWEy-Us2xyVJBUsRqjCDpq5QEbNY6PrwT2hn6ZPAMIDpOK5vv4aDkkJZBByYjFzqcBGLS-MooGt-SsVD15_oPvwUSNTLxM0zgbV_ILTHHLv6FBWeNlofT89QjpC61XS55NX4kdFFLsF8GxpWXq_PgX1cudpAfU2l450v9vmuV6ZAfKc9hNM6qRtzYw4pdK3p29eI-Y 403
⨯ upstream image response failed for https://lh3.googleusercontent.com/aida/AP1WRLtTMyfz_PzPJ602-mJ_PlA72sKCI1-fKU7GA1jIt7XXBMXh6OSPGxQ-1VWGmizIAX4jwS9ItGlVAgR-tP-zAzSnXMWaIjRTpoyNkOUrN_SPEzju6w1W-S_CSq30z_lFWD843UrQgCrNdmOEM_zK6cTvj7hTYu3bwkihrSt-qDTftDftI8nPaeU_T5dNmdwHJNfADIvjNF_hT7O6J9-8LbIKzPDgsV-AKR9YibkFJHKVLT5njOKMn6GDZg 403
⨯ upstream image response failed for https://lh3.googleusercontent.com/aida/AP1WRLtTMyfz_PzPJ602-mJ_PlA72sKCI1-fKU7GA1jIt7XXBMXh6OSPGxQ-1VWGmizIAX4jwS9ItGlVAgR-tP-zAzSnXMWaIjRTpoyNkOUrN_SPEzju6w1W-S_CSq30z_lFWD843UrQgCrNdmOEM_zK6cTvj7hTYu3bwkihrSt-qDTftDftI8nPaeU_T5dNmdwHJNfADIvjNF_hT7O6J9-8LbIKzPDgsV-AKR9YibkFJHKVLT5njOKMn6GDZg 403
failed to forward action response TypeError: fetch failed
    at ignore-listed frames {
  [cause]: Error [HeadersTimeoutError]: Headers Timeout Error
      at ignore-listed frames {
    code: 'UND_ERR_HEADERS_TIMEOUT'
  }
}
failed to forward action response TypeError: fetch failed
    at ignore-listed frames {
  [cause]: Error [HeadersTimeoutError]: Headers Timeout Error
      at ignore-listed frames {
    code: 'UND_ERR_HEADERS_TIMEOUT'
  }
}
failed to forward action response TypeError: fetch failed
    at ignore-listed frames {
  [cause]: Error [HeadersTimeoutError]: Headers Timeout Error
      at ignore-listed frames {
    code: 'UND_ERR_HEADERS_TIMEOUT'
  }
}
⨯ upstream image response failed for https://lh3.googleusercontent.com/aida/AP1WRLtTMyfz_PzPJ602-mJ_PlA72sKCI1-fKU7GA1jIt7XXBMXh6OSPGxQ-1VWGmizIAX4jwS9ItGlVAgR-tP-zAzSnXMWaIjRTpoyNkOUrN_SPEzju6w1W-S_CSq30z_lFWD843UrQgCrNdmOEM_zK6cTvj7hTYu3bwkihrSt-qDTftDftI8nPaeU_T5dNmdwHJNfADIvjNF_hT7O6J9-8LbIKzPDgsV-AKR9YibkFJHKVLT5njOKMn6GDZg 403
⨯ upstream image response failed for https://lh3.googleusercontent.com/aida/AP1WRLtt_4feD4BNd3eDqf-6c3X2lBq6IK7V_SRn330ybKUAyiN4FEboipPC9sy8yh4NEnx7V6gDFiw3hUPQp_LAW-xi9dkVKhhfLF7vKsOYpfFOER_pXJ4AlLxAW-16aO_E_QBWkAAZFZo_QKjbEJhuInqGkPIHiFJERg7JPA51D-xSdNfz0ZjpB9X7hlcIu57nwxTEpj_3UWDZ2FOPINnjDoxoTTG1Xz_8BQGyXFfWFDEOATcJ1IdA1YchOpA 403
⨯ upstream image response failed for https://lh3.googleusercontent.com/aida/AP1WRLtTMyfz_PzPJ602-mJ_PlA72sKCI1-fKU7GA1jIt7XXBMXh6OSPGxQ-1VWGmizIAX4jwS9ItGlVAgR-tP-zAzSnXMWaIjRTpoyNkOUrN_SPEzju6w1W-S_CSq30z_lFWD843UrQgCrNdmOEM_zK6cTvj7hTYu3bwkihrSt-qDTftDftI8nPaeU_T5dNmdwHJNfADIvjNF_hT7O6J9-8LbIKzPDgsV-AKR9YibkFJHKVLT5njOKMn6GDZg 403
⨯ upstream image response failed for https://lh3.googleusercontent.com/aida/AP1WRLtTMyfz_PzPJ602-mJ_PlA72sKCI1-fKU7GA1jIt7XXBMXh6OSPGxQ-1VWGmizIAX4jwS9ItGlVAgR-tP-zAzSnXMWaIjRTpoyNkOUrN_SPEzju6w1W-S_CSq30z_lFWD843UrQgCrNdmOEM_zK6cTvj7hTYu3bwkihrSt-qDTftDftI8nPaeU_T5dNmdwHJNfADIvjNF_hT7O6J9-8LbIKzPDgsV-AKR9YibkFJHKVLT5njOKMn6GDZg 403
